{"caso": "la solicitud de la junta de acción comunal de no hacer el corte anunciado en semana de exámenes, la respuesta de la empresa de acueducto de que la fecha ya estaba contratada y el trámite posterior: la revisión de la respuesta por la personera y el secretario de la junta, el pedido de la personera de publicar el cronograma, el registro del reclamo en el acta, la decisión que se conocerá el miércoles y la evaluación del gerente Iván Cifuentes",
 "datos": [
   {"aspecto": "solicitud de la junta de acción comunal",
    "valor": "que el corte no se hiciera en semana de exámenes",
    "unidad_valor": null},
   {"aspecto": "respuesta de la empresa",
    "valor": "que la fecha ya estaba contratada",
    "unidad_valor": null},
   {"aspecto": "acción anunciada por la junta",
    "valor": "insistirá en la próxima reunión",
    "unidad_valor": null},
   {"aspecto": "responsables de la revisión de la respuesta de la empresa",
    "valor": "la personera y el secretario de la junta",
    "unidad_valor": null},
   {"aspecto": "petición de la personera",
    "valor": "que se publicara el cronograma",
    "unidad_valor": null},
   {"aspecto": "registro del reclamo",
    "valor": "quedó registrado en el acta",
    "unidad_valor": null},
   {"aspecto": "fecha en que se conocerá la decisión",
    "valor": "el miércoles",
    "unidad_valor": null},
   {"aspecto": "nombre del gerente de la empresa",
    "valor": "Iván Cifuentes",
    "unidad_valor": null},
   {"aspecto": "declaración del gerente de la empresa",
    "valor": "que evaluará la solicitud",
    "unidad_valor": null}],
 "dudas": [
   {"texto": "«Su reclamo» no indica a quién pertenece el reclamo: puede ser de la personera o de la junta."},
   {"texto": "«Su decisión» no indica a quién pertenece la decisión que se conocerá el miércoles."}]}
