{
  "subtemas": [
    {
      "subtema": "la recuperación del humedal tras el cierre del canal y los datos de la obra",
      "oraciones": [
        1,
        2,
        3
      ]
    },
    {
      "subtema": "el plan de restauración presentado, su informe y su contenido",
      "oraciones": [
        4,
        5,
        6
      ]
    },
    {
      "subtema": "el aumento del espejo de agua y el registro de aves migratorias",
      "oraciones": [
        7,
        8
      ]
    },
    {
      "subtema": "las peticiones, promesas y declaraciones sobre beneficios para el barrio El Mirador",
      "oraciones": [
        9,
        10,
        11
      ]
    },
    {
      "subtema": "la petición de publicar el informe antes de las elecciones",
      "oraciones": [
        12
      ]
    },
    {
      "subtema": "el antecedente de la restauración abandonada en el humedal de Tibanica",
      "oraciones": [
        13
      ]
    }
  ]
}